
*** Running vivado
    with args -log apb_gpio.vds -m64 -product Vivado -mode batch -messageDb vivado.pb -notrace -source apb_gpio.tcl



****** Vivado v2025.2 (64-bit)
  **** SW Build 6299465 on Fri Nov 14 19:35:11 GMT 2025
  **** IP Build 6300035 on Fri Nov 14 10:48:45 MST 2025
  **** SharedData Build 6298862 on Thu Nov 13 04:50:51 MST 2025
  **** Start of session at: Fri Aug 28 12:34:42 2026
    ** Copyright 1986-2022 Xilinx, Inc. All Rights Reserved.
    ** Copyright 2022-2025 Advanced Micro Devices, Inc. All Rights Reserved.

source apb_gpio.tcl -notrace
Command: synth_design -top apb_gpio -part xc7a25tcsg325-1
Starting synth_design
Attempting to get a license for feature 'Synthesis' and/or device 'xc7a25t'
INFO: [Common 17-349] Got license for feature 'Synthesis' and/or device 'xc7a25t'
INFO: [Synth 8-7079] Multithreading enabled for synth_design using a maximum of 2 processes.
INFO: [Synth 8-7078] Launching helper process for spawning children vivado processes
INFO: [Synth 8-7075] Helper process launched with PID 24232
---------------------------------------------------------------------------------
Starting Synthesize : Time (s): cpu = 00:00:04 ; elapsed = 00:00:05 . Memory (MB): peak = 1074.180 ; gain = 536.906
---------------------------------------------------------------------------------
INFO: [Synth 8-6157] synthesizing module 'apb_gpio' [E:/PRG Files/apb_gpio/apb_gpio.srcs/sources_1/new/apb_gpio.v:26]
WARNING: [Synth 8-693] zero replication count - replication ignored [E:/PRG Files/apb_gpio/apb_gpio.srcs/sources_1/new/apb_gpio.v:190]
WARNING: [Synth 8-693] zero replication count - replication ignored [E:/PRG Files/apb_gpio/apb_gpio.srcs/sources_1/new/apb_gpio.v:191]
WARNING: [Synth 8-693] zero replication count - replication ignored [E:/PRG Files/apb_gpio/apb_gpio.srcs/sources_1/new/apb_gpio.v:192]
WARNING: [Synth 8-693] zero replication count - replication ignored [E:/PRG Files/apb_gpio/apb_gpio.srcs/sources_1/new/apb_gpio.v:193]
WARNING: [Synth 8-693] zero replication count - replication ignored [E:/PRG Files/apb_gpio/apb_gpio.srcs/sources_1/new/apb_gpio.v:194]
INFO: [Synth 8-6155] done synthesizing module 'apb_gpio' (0#1) [E:/PRG Files/apb_gpio/apb_gpio.srcs/sources_1/new/apb_gpio.v:26]
WARNING: [Synth 8-3917] design apb_gpio has port PREADY driven by constant 1
---------------------------------------------------------------------------------
Finished Synthesize : Time (s): cpu = 00:00:07 ; elapsed = 00:00:07 . Memory (MB): peak = 1193.414 ; gain = 656.141
---------------------------------------------------------------------------------
---------------------------------------------------------------------------------
Finished Constraint Validation : Time (s): cpu = 00:00:08 ; elapsed = 00:00:08 . Memory (MB): peak = 1193.414 ; gain = 656.141
---------------------------------------------------------------------------------
---------------------------------------------------------------------------------
Start Loading Part and Timing Information
---------------------------------------------------------------------------------
Loading part: xc7a25tcsg325-1
INFO: [Device 21-403] Loading part xc7a25tcsg325-1
---------------------------------------------------------------------------------
Finished Loading Part and Timing Information : Time (s): cpu = 00:00:08 ; elapsed = 00:00:08 . Memory (MB): peak = 1193.414 ; gain = 656.141
---------------------------------------------------------------------------------
---------------------------------------------------------------------------------
Finished RTL Optimization Phase 2 : Time (s): cpu = 00:00:08 ; elapsed = 00:00:09 . Memory (MB): peak = 1193.414 ; gain = 656.141
---------------------------------------------------------------------------------
No constraint files found.
---------------------------------------------------------------------------------
Start RTL Component Statistics 
---------------------------------------------------------------------------------
Detailed RTL Component Info : 
+---XORs : 
	   2 Input     32 Bit         XORs := 2     
+---Registers : 
	               32 Bit    Registers := 7     
+---Muxes : 
	   2 Input   32 Bit        Muxes := 2     
	   2 Input    1 Bit        Muxes := 4     
	   8 Input    1 Bit        Muxes := 4     
---------------------------------------------------------------------------------
Finished RTL Component Statistics 
---------------------------------------------------------------------------------
---------------------------------------------------------------------------------
Start Part Resource Summary
---------------------------------------------------------------------------------
Part Resources:
DSPs: 80 (col length:40)
BRAMs: 90 (col length: RAMB18 40 RAMB36 20)
---------------------------------------------------------------------------------
Finished Part Resource Summary
---------------------------------------------------------------------------------
No constraint files found.
---------------------------------------------------------------------------------
Start Cross Boundary and Area Optimization
---------------------------------------------------------------------------------
WARNING: [Synth 8-3917] design apb_gpio has port PREADY driven by constant 1
---------------------------------------------------------------------------------
Finished Cross Boundary and Area Optimization : Time (s): cpu = 00:00:16 ; elapsed = 00:00:18 . Memory (MB): peak = 1417.422 ; gain = 880.148
---------------------------------------------------------------------------------
No constraint files found.
---------------------------------------------------------------------------------
Start Timing Optimization
---------------------------------------------------------------------------------
---------------------------------------------------------------------------------
Finished Timing Optimization : Time (s): cpu = 00:00:16 ; elapsed = 00:00:19 . Memory (MB): peak = 1417.422 ; gain = 880.148
---------------------------------------------------------------------------------
---------------------------------------------------------------------------------
Start Technology Mapping
---------------------------------------------------------------------------------
---------------------------------------------------------------------------------
Finished Technology Mapping : Time (s): cpu = 00:00:16 ; elapsed = 00:00:19 . Memory (MB): peak = 1417.422 ; gain = 880.148
---------------------------------------------------------------------------------
---------------------------------------------------------------------------------
Start IO Insertion
---------------------------------------------------------------------------------
---------------------------------------------------------------------------------
Start Flattening Before IO Insertion
---------------------------------------------------------------------------------
---------------------------------------------------------------------------------
Finished Flattening Before IO Insertion
---------------------------------------------------------------------------------
---------------------------------------------------------------------------------
Start Final Netlist Cleanup
---------------------------------------------------------------------------------
---------------------------------------------------------------------------------
Finished Final Netlist Cleanup
---------------------------------------------------------------------------------
---------------------------------------------------------------------------------
Finished IO Insertion : Time (s): cpu = 00:00:22 ; elapsed = 00:00:25 . Memory (MB): peak = 1617.250 ; gain = 1079.977
---------------------------------------------------------------------------------
---------------------------------------------------------------------------------
Start Renaming Generated Instances
---------------------------------------------------------------------------------
---------------------------------------------------------------------------------
Finished Renaming Generated Instances : Time (s): cpu = 00:00:22 ; elapsed = 00:00:25 . Memory (MB): peak = 1617.250 ; gain = 1079.977
---------------------------------------------------------------------------------
---------------------------------------------------------------------------------
Start Rebuilding User Hierarchy
---------------------------------------------------------------------------------
---------------------------------------------------------------------------------
Finished Rebuilding User Hierarchy : Time (s): cpu = 00:00:22 ; elapsed = 00:00:25 . Memory (MB): peak = 1617.250 ; gain = 1079.977
---------------------------------------------------------------------------------
---------------------------------------------------------------------------------
Start Renaming Generated Ports
---------------------------------------------------------------------------------
---------------------------------------------------------------------------------
Finished Renaming Generated Ports : Time (s): cpu = 00:00:22 ; elapsed = 00:00:25 . Memory (MB): peak = 1617.250 ; gain = 1079.977
---------------------------------------------------------------------------------
---------------------------------------------------------------------------------
Start Handling Custom Attributes
---------------------------------------------------------------------------------
---------------------------------------------------------------------------------
Finished Handling Custom Attributes : Time (s): cpu = 00:00:22 ; elapsed = 00:00:25 . Memory (MB): peak = 1617.250 ; gain = 1079.977
---------------------------------------------------------------------------------
---------------------------------------------------------------------------------
Start Renaming Generated Nets
---------------------------------------------------------------------------------
---------------------------------------------------------------------------------
Finished Renaming Generated Nets : Time (s): cpu = 00:00:22 ; elapsed = 00:00:25 . Memory (MB): peak = 1617.250 ; gain = 1079.977
---------------------------------------------------------------------------------
---------------------------------------------------------------------------------
Start Writing Synthesis Report
---------------------------------------------------------------------------------

Report BlackBoxes: 
+-+--------------+----------+
| |BlackBox name |Instances |
+-+--------------+----------+
+-+--------------+----------+

Report Cell Usage: 
+------+-----+------+
|      |Cell |Count |
+------+-----+------+
|1     |BUFG |     1|
|2     |LUT1 |     1|
|3     |LUT2 |     6|
|4     |LUT3 |     3|
|5     |LUT4 |    14|
|6     |LUT5 |    36|
|7     |LUT6 |   103|
|8     |FDCE |   224|
|9     |IBUF |    77|
|10    |OBUF |    99|
+------+-----+------+

Report Instance Areas: 
+------+---------+-------+------+
|      |Instance |Module |Cells |
+------+---------+-------+------+
|1     |top      |       |   564|
+------+---------+-------+------+
---------------------------------------------------------------------------------
Finished Writing Synthesis Report : Time (s): cpu = 00:00:22 ; elapsed = 00:00:25 . Memory (MB): peak = 1617.250 ; gain = 1079.977
---------------------------------------------------------------------------------
Synthesis finished with 0 errors, 0 critical warnings and 7 warnings.
Synthesis Optimization Runtime : Time (s): cpu = 00:00:22 ; elapsed = 00:00:25 . Memory (MB): peak = 1617.250 ; gain = 1079.977
Synthesis Optimization Complete : Time (s): cpu = 00:00:22 ; elapsed = 00:00:25 . Memory (MB): peak = 1617.250 ; gain = 1079.977
INFO: [Project 1-571] Translating synthesized netlist
Netlist sorting complete. Time (s): cpu = 00:00:00 ; elapsed = 00:00:00.011 . Memory (MB): peak = 1639.793 ; gain = 0.000
INFO: [Project 1-570] Preparing netlist for logic optimization
INFO: [Opt 31-138] Pushed 0 inverter(s) to 0 load pin(s).
Netlist sorting complete. Time (s): cpu = 00:00:00 ; elapsed = 00:00:00 . Memory (MB): peak = 1746.883 ; gain = 0.000
INFO: [Project 1-111] Unisim Transformation Summary:
No Unisim elements were transformed.

Synth Design complete | Checksum: 6a0c8933
INFO: [Common 17-83] Releasing license: Synthesis
12 Infos, 7 Warnings, 0 Critical Warnings and 0 Errors encountered.
synth_design completed successfully
synth_design: Time (s): cpu = 00:00:26 ; elapsed = 00:00:31 . Memory (MB): peak = 1746.883 ; gain = 1214.543
Write ShapeDB Complete: Time (s): cpu = 00:00:00 ; elapsed = 00:00:00.012 . Memory (MB): peak = 1746.883 ; gain = 0.000
INFO: [Common 17-1381] The checkpoint 'E:/PRG Files/apb_gpio/apb_gpio.runs/synth_1/apb_gpio.dcp' has been generated.
INFO: [Vivado 12-24828] Executing command : report_utilization -file apb_gpio_utilization_synth.rpt -pb apb_gpio_utilization_synth.pb
INFO: [Common 17-206] Exiting Vivado at Fri Aug 28 12:35:20 2026...
